src/App.tsx(1,50): error TS6133: 'Outlet' is declared but its value is never read.
src/context/AuthContext.tsx(1,58): error TS1484: 'ReactNode' is a type and must be imported using a type-only import when 'verbatimModuleSyntax' is enabled.
src/context/AuthContext.tsx(3,10): error TS1484: 'User' is a type and must be imported using a type-only import when 'verbatimModuleSyntax' is enabled.
src/context/AuthContext.tsx(3,16): error TS1484: 'LoginRequest' is a type and must be imported using a type-only import when 'verbatimModuleSyntax' is enabled.
src/context/AuthContext.tsx(3,30): error TS1484: 'RegisterRequest' is a type and must be imported using a type-only import when 'verbatimModuleSyntax' is enabled.
src/context/AuthContext.tsx(3,47): error TS1484: 'AuthResponse' is a type and must be imported using a type-only import when 'verbatimModuleSyntax' is enabled.
