  Determinando os projetos a serem restaurados...
  Todos os projetos est├úo atualizados para restaura├º├úo.
E:\teste\myfinance\backend\MyFinance.API\Program.cs(61,28): error CS0246: O nome do tipo ou do namespace "IUnitOfWork" n├úo pode ser encontrado (est├í faltando uma diretiva using ou uma refer├¬ncia de assembly?) [E:\teste\myfinance\backend\MyFinance.API\MyFinance.API.csproj]
E:\teste\myfinance\backend\MyFinance.API\Program.cs(61,41): error CS0246: O nome do tipo ou do namespace "UnitOfWork" n├úo pode ser encontrado (est├í faltando uma diretiva using ou uma refer├¬ncia de assembly?) [E:\teste\myfinance\backend\MyFinance.API\MyFinance.API.csproj]
E:\teste\myfinance\backend\MyFinance.API\Program.cs(62,28): error CS0246: O nome do tipo ou do namespace "IUsuarioRepository" n├úo pode ser encontrado (est├í faltando uma diretiva using ou uma refer├¬ncia de assembly?) [E:\teste\myfinance\backend\MyFinance.API\MyFinance.API.csproj]
E:\teste\myfinance\backend\MyFinance.API\Program.cs(62,48): error CS0246: O nome do tipo ou do namespace "UsuarioRepository" n├úo pode ser encontrado (est├í faltando uma diretiva using ou uma refer├¬ncia de assembly?) [E:\teste\myfinance\backend\MyFinance.API\MyFinance.API.csproj]

FALHA da compila├º├úo.

E:\teste\myfinance\backend\MyFinance.API\Program.cs(61,28): error CS0246: O nome do tipo ou do namespace "IUnitOfWork" n├úo pode ser encontrado (est├í faltando uma diretiva using ou uma refer├¬ncia de assembly?) [E:\teste\myfinance\backend\MyFinance.API\MyFinance.API.csproj]
E:\teste\myfinance\backend\MyFinance.API\Program.cs(61,41): error CS0246: O nome do tipo ou do namespace "UnitOfWork" n├úo pode ser encontrado (est├í faltando uma diretiva using ou uma refer├¬ncia de assembly?) [E:\teste\myfinance\backend\MyFinance.API\MyFinance.API.csproj]
E:\teste\myfinance\backend\MyFinance.API\Program.cs(62,28): error CS0246: O nome do tipo ou do namespace "IUsuarioRepository" n├úo pode ser encontrado (est├í faltando uma diretiva using ou uma refer├¬ncia de assembly?) [E:\teste\myfinance\backend\MyFinance.API\MyFinance.API.csproj]
E:\teste\myfinance\backend\MyFinance.API\Program.cs(62,48): error CS0246: O nome do tipo ou do namespace "UsuarioRepository" n├úo pode ser encontrado (est├í faltando uma diretiva using ou uma refer├¬ncia de assembly?) [E:\teste\myfinance\backend\MyFinance.API\MyFinance.API.csproj]
    0 Aviso(s)
    4 Erro(s)

Tempo Decorrido 00:00:01.54
